// Jest Snapshot v1, https://goo.gl/fbAQLP

exports[`Game should render without crashing 1`] = `
<ViewManagerAdapter_ExpoLinearGradient
  proxiedProperties={
    {
      "colors": [
        4290491705,
        4287202352,
      ],
      "endPoint": [
        0.25,
        1,
      ],
      "locations": undefined,
      "startPoint": [
        0,
        0,
      ],
    }
  }
  style={
    {
      "flex": 1,
      "position": "relative",
    }
  }
>
  <View
    style={
      {
        "alignItems": "center",
        "flex": 1,
        "justifyContent": "center",
        "position": "relative",
      }
    }
    testID="game"
  >
    <View
      style={
        {
          "height": 1334,
          "left": 0,
          "position": "absolute",
          "top": 0,
          "width": 600,
        }
      }
    >
      <View
        accessibilityIgnoresInvertColors={true}
        style={
          {
            "borderColor": "#c9c9c9",
            "borderWidth": 4,
            "elevation": 10,
            "height": "100%",
            "left": 0,
            "position": "absolute",
            "shadowColor": "#000000",
            "shadowOffset": {
              "height": 5,
              "width": 0,
            },
            "shadowOpacity": 0.34,
            "shadowRadius": 6.27,
            "top": 0,
            "width": "100%",
          }
        }
      >
        <Image
          source={1}
          style={
            [
              {
                "bottom": 0,
                "left": 0,
                "position": "absolute",
                "right": 0,
                "top": 0,
              },
              {
                "height": "100%",
                "width": "100%",
              },
              undefined,
            ]
          }
        />
      </View>
      <View
        onLayout={[Function]}
        style={
          [
            {
              "flex": 1,
            },
            {
              "borderColor": "#c9c9c9",
              "borderWidth": 8,
              "flex": null,
              "height": "100%",
              "width": "100%",
            },
          ]
        }
      >
        <View
          onTouchEnd={[Function]}
          onTouchMove={[Function]}
          onTouchStart={[Function]}
          style={
            {
              "backgroundColor": "transparent",
              "flex": 1,
            }
          }
        />
        <View
          pointerEvents="box-none"
          style={
            {
              "bottom": 0,
              "left": 0,
              "position": "absolute",
              "right": 0,
              "top": 0,
            }
          }
        />
      </View>
    </View>
    <View
      style={
        {
          "bottom": "5%",
          "position": "absolute",
          "right": 0,
        }
      }
    >
      <View
        collapsable={false}
        forwardedRef={[Function]}
        onTouchCancel={[Function]}
        onTouchEnd={[Function]}
        onTouchMove={[Function]}
        onTouchStart={[Function]}
        style={
          {
            "alignItems": "center",
            "backgroundColor": "rgba(0,0,0,0.4)",
            "borderRadius": 75,
            "height": 150,
            "justifyContent": "center",
            "transform": [
              {
                "translateX": 0,
              },
              {
                "translateY": 0,
              },
            ],
            "width": 150,
          }
        }
      >
        <View
          collapsable={false}
          forwardedRef={[Function]}
          style={
            {
              "alignItems": "center",
              "backgroundColor": "rgba(0,0,0,0.8)",
              "borderRadius": 37.5,
              "height": 75,
              "justifyContent": "center",
              "transform": [
                {
                  "translateX": 0,
                },
                {
                  "translateY": 0,
                },
              ],
              "width": 75,
            }
          }
        />
      </View>
    </View>
  </View>
</ViewManagerAdapter_ExpoLinearGradient>
`;
